"Expert with id: 171421 has been assigned to admin with id: Eugenia Botezatu 374 Has been assigned by: System"
"Expert with id: 171422 has been assigned to admin with id: Irina Calinchin 213 Has been assigned by: System"
"Expert with id: 171423 has been assigned to admin with id: Iulia Curajos 186 Has been assigned by: System"
"Expert with id: 171427 has been assigned to admin with id: Mariana Manoli 394 Has been assigned by: System"
"Expert with id: 171430 has been assigned to admin with id: Natalia Gorbunova 301 Has been assigned by: System"
"Expert with id: 171432 has been assigned to admin with id: Natalia Grejdieru 278 Has been assigned by: System"
"Expert with id: 171433 has been assigned to admin with id: Natalia Ochinca 92 Has been assigned by: System"
"Expert with id: 171434 has been assigned to admin with id: Nina Scurtu 226 Has been assigned by: System"
"Expert with id: 171436 has been assigned to admin with id: Olga Marohina 72 Has been assigned by: System"
"Expert with id: 171438 has been assigned to admin with id: Olga Suiu 87 Has been assigned by: System"
"Expert with id: 171440 has been assigned to admin with id: Alexandra Gribinenco 399 Has been assigned by: System"
"Expert with id: 171441 has been assigned to admin with id: Alexandrina Stalbe 356 Has been assigned by: System"
"Expert with id: 171442 has been assigned to admin with id: Cristina Badarau 294 Has been assigned by: System"
"Expert with id: 171443 has been assigned to admin with id: Elena Vladicescu 352 Has been assigned by: System"
"Expert with id: 171444 has been assigned to admin with id: Eugenia Botezatu 374 Has been assigned by: System"
"Expert with id: 171445 has been assigned to admin with id: Evghenia Pasat 397 Has been assigned by: System"
"Expert with id: 171446 has been assigned to admin with id: Irina Calinchin 213 Has been assigned by: System"
"Expert with id: 171448 has been assigned to admin with id: Iulia Curajos 186 Has been assigned by: System"
"Expert with id: 171449 has been assigned to admin with id: Mariana Manoli 394 Has been assigned by: System"
"Expert with id: 171450 has been assigned to admin with id: Natalia Gorbunova 301 Has been assigned by: System"
"Expert with id: 171451 has been assigned to admin with id: Nina Scurtu 226 Has been assigned by: System"
"Expert with id: 171455 has been assigned to admin with id: Olga Marohina 72 Has been assigned by: System"
"Expert with id: 171462 has been assigned to admin with id: Olga Suiu 87 Has been assigned by: System"
"Expert with id: 171464 has been assigned to admin with id: Alexandra Gribinenco 399 Has been assigned by: System"
"Expert with id: 171478 has been assigned to admin with id: Alexandrina Stalbe 356 Has been assigned by: System"
"Expert with id: 171480 has been assigned to admin with id: Cristina Badarau 294 Has been assigned by: System"
"Expert with id: 171487 has been assigned to admin with id: Irina Calinchin 213 Has been assigned by: System"
"Expert with id: 171499 has been assigned to admin with id: Natalia Gorbunova 301 Has been assigned by: System"
"Expert with id: 171500 has been assigned to admin with id: Natalia Grejdieru 278 Has been assigned by: System"
"Expert with id: 171501 has been assigned to admin with id: Natalia Ochinca 92 Has been assigned by: System"
"Expert with id: 171508 has been assigned to admin with id: Olga Marohina 72 Has been assigned by: System"
"Expert with id: 171510 has been assigned to admin with id: Olga Suiu 87 Has been assigned by: System"
"Expert with id: 171511 has been assigned to admin with id: Alexandra Gribinenco 399 Has been assigned by: System"
"Expert with id: 171513 has been assigned to admin with id: Alexandrina Stalbe 356 Has been assigned by: System"
"Expert with id: 171514 has been assigned to admin with id: Cristina Badarau 294 Has been assigned by: System"
"Expert with id: 171515 has been assigned to admin with id: Elena Vladicescu 352 Has been assigned by: System"
"Expert with id: 171516 has been assigned to admin with id: Eugenia Botezatu 374 Has been assigned by: System"
"Expert with id: 171519 has been assigned to admin with id: Evghenia Pasat 397 Has been assigned by: System"
"Expert with id: 171521 has been assigned to admin with id: Irina Calinchin 213 Has been assigned by: System"
"Expert with id: 171522 has been assigned to admin with id: Iulia Curajos 186 Has been assigned by: System"
"Expert with id: 171523 has been assigned to admin with id: Mariana Manoli 394 Has been assigned by: System"
"Expert with id: 171524 has been assigned to admin with id: Natalia Gorbunova 301 Has been assigned by: System"
"Expert with id: 171526 has been assigned to admin with id: Natalia Grejdieru 278 Has been assigned by: System"
"Expert with id: 171527 has been assigned to admin with id: Natalia Ochinca 92 Has been assigned by: System"
"Expert with id: 171528 has been assigned to admin with id: Nina Scurtu 226 Has been assigned by: System"
"Expert with id: 171529 has been assigned to admin with id: Olga Marohina 72 Has been assigned by: System"
"Expert with id: 171530 has been assigned to admin with id: Olga Suiu 87 Has been assigned by: System"
"Expert with id: 171532 has been assigned to admin with id: Alexandra Gribinenco 399 Has been assigned by: System"
"Expert with id: 171533 has been assigned to admin with id: Alexandrina Stalbe 356 Has been assigned by: System"
"Expert with id: 171534 has been assigned to admin with id: Cristina Badarau 294 Has been assigned by: System"
"Expert with id: 171535 has been assigned to admin with id: Elena Vladicescu 352 Has been assigned by: System"
"Expert with id: 171537 has been assigned to admin with id: Eugenia Botezatu 374 Has been assigned by: System"
"Expert with id: 171539 has been assigned to admin with id: Evghenia Pasat 397 Has been assigned by: System"
"Expert with id: 171540 has been assigned to admin with id: Irina Calinchin 213 Has been assigned by: System"
"Expert with id: 171541 has been assigned to admin with id: Iulia Curajos 186 Has been assigned by: System"
"Expert with id: 171542 has been assigned to admin with id: Mariana Manoli 394 Has been assigned by: System"
"Expert with id: 171544 has been assigned to admin with id: Natalia Gorbunova 301 Has been assigned by: System"
"Expert with id: 171545 has been assigned to admin with id: Natalia Grejdieru 278 Has been assigned by: System"
"Expert with id: 171546 has been assigned to admin with id: Natalia Ochinca 92 Has been assigned by: System"
"Expert with id: 171547 has been assigned to admin with id: Nina Scurtu 226 Has been assigned by: System"
"Expert with id: 171548 has been assigned to admin with id: Olga Marohina 72 Has been assigned by: System"
"Expert with id: 171549 has been assigned to admin with id: Olga Suiu 87 Has been assigned by: System"
"Expert with id: 171550 has been assigned to admin with id: Alexandra Gribinenco 399 Has been assigned by: System"
"Expert with id: 171551 has been assigned to admin with id: Alexandrina Stalbe 356 Has been assigned by: System"
"Expert with id: 171552 has been assigned to admin with id: Cristina Badarau 294 Has been assigned by: System"
"Expert with id: 171553 has been assigned to admin with id: Elena Vladicescu 352 Has been assigned by: System"
"Expert with id: 171554 has been assigned to admin with id: Eugenia Botezatu 374 Has been assigned by: System"
"Expert with id: 171555 has been assigned to admin with id: Evghenia Pasat 397 Has been assigned by: System"
"Expert with id: 171557 has been assigned to admin with id: Irina Calinchin 213 Has been assigned by: System"
"Expert with id: 171563 has been assigned to admin with id: Iulia Curajos 186 Has been assigned by: System"
"Expert with id: 171565 has been assigned to admin with id: Mariana Manoli 394 Has been assigned by: System"
"Expert with id: 171566 has been assigned to admin with id: Natalia Gorbunova 301 Has been assigned by: System"
"Expert with id: 171572 has been assigned to admin with id: Natalia Grejdieru 278 Has been assigned by: System"
"Expert with id: 171573 has been assigned to admin with id: Natalia Ochinca 92 Has been assigned by: System"
"Expert with id: 171575 has been assigned to admin with id: Nina Scurtu 226 Has been assigned by: System"
"Expert with id: 171576 has been assigned to admin with id: Olga Marohina 72 Has been assigned by: System"
"Expert with id: 171577 has been assigned to admin with id: Olga Suiu 87 Has been assigned by: System"
"Expert with id: 171579 has been assigned to admin with id: Alexandra Gribinenco 399 Has been assigned by: System"
"Expert with id: 171582 has been assigned to admin with id: Alexandrina Stalbe 356 Has been assigned by: System"
"Expert with id: 171583 has been assigned to admin with id: Cristina Badarau 294 Has been assigned by: System"
"Expert with id: 171584 has been assigned to admin with id: Elena Vladicescu 352 Has been assigned by: System"
"Expert with id: 171587 has been assigned to admin with id: Eugenia Botezatu 374 Has been assigned by: System"
"Expert with id: 171588 has been assigned to admin with id: Evghenia Pasat 397 Has been assigned by: System"
"Expert with id: 171590 has been assigned to admin with id: Irina Calinchin 213 Has been assigned by: System"
"Expert with id: 171592 has been assigned to admin with id: Iulia Curajos 186 Has been assigned by: System"
"Expert with id: 171593 has been assigned to admin with id: Mariana Manoli 394 Has been assigned by: System"
"Expert with id: 171595 has been assigned to admin with id: Natalia Grejdieru 278 Has been assigned by: System"
"Expert with id: 171596 has been assigned to admin with id: Natalia Ochinca 92 Has been assigned by: System"
"Expert with id: 171597 has been assigned to admin with id: Evghenia Pasat 397 Has been assigned by: System"
"Expert with id: 171602 has been assigned to admin with id: Cristina Badarau 294 Has been assigned by: System"
"Expert with id: 171606 has been assigned to admin with id: Elena Vladicescu 352 Has been assigned by: System"
"Expert with id: 171615 has been assigned to admin with id: Eugenia Botezatu 374 Has been assigned by: System"
"Expert with id: 171617 has been assigned to admin with id: Evghenia Pasat 397 Has been assigned by: System"
"Expert with id: 171626 has been assigned to admin with id: Natalia Gorbunova 301 Has been assigned by: System"
"Expert with id: 171627 has been assigned to admin with id: Natalia Grejdieru 278 Has been assigned by: System"
"Expert with id: 171628 has been assigned to admin with id: Natalia Ochinca 92 Has been assigned by: System"
"Expert with id: 171635 has been assigned to admin with id: Nina Scurtu 226 Has been assigned by: System"
"Expert with id: 171636 has been assigned to admin with id: Olga Marohina 72 Has been assigned by: System"
"Expert with id: 171640 has been assigned to admin with id: Olga Suiu 87 Has been assigned by: System"
"Expert with id: 171641 has been assigned to admin with id: Alexandra Gribinenco 399 Has been assigned by: System"
"Expert with id: 171643 has been assigned to admin with id: Alexandrina Stalbe 356 Has been assigned by: System"
61.213.74.67 - - [03/Mar/2021:04:58:21 +0100] "GET /fonts/3ed9575dcc488c3e3a5bd66620bdf5a4.ttf HTTP/1.1" 200 96932 "https://www.developmentaid.org/" "Mozilla/5.0 (Windows NT 10.0; Win64; x64) AppleWebKit/537.36 (KHTML, like Gecko) Chrome/88.0.4324.190 Safari/537.36"
61.213.74.67 - - [03/Mar/2021:04:58:21 +0100] "GET /api/frontend/statistics/experts/byregion HTTP/1.1" 200 446 "https://www.developmentaid.org/" "Mozilla/5.0 (Windows NT 10.0; Win64; x64) AppleWebKit/537.36 (KHTML, like Gecko) Chrome/88.0.4324.190 Safari/537.36"
61.213.74.67 - - [03/Mar/2021:04:58:21 +0100] "GET /api/frontend/statistics/companies/byregion HTTP/1.1" 200 457 "https://www.developmentaid.org/" "Mozilla/5.0 (Windows NT 10.0; Win64; x64) AppleWebKit/537.36 (KHTML, like Gecko) Chrome/88.0.4324.190 Safari/537.36"
61.213.74.67 - - [03/Mar/2021:04:58:21 +0100] "GET /api/frontend/statistics/jobs/byregion HTTP/1.1" 200 433 "https://www.developmentaid.org/" "Mozilla/5.0 (Windows NT 10.0; Win64; x64) AppleWebKit/537.36 (KHTML, like Gecko) Chrome/88.0.4324.190 Safari/537.36"
61.213.74.67 - - [03/Mar/2021:04:58:21 +0100] "GET /api/frontend/statistics/references/byregion HTTP/1.1" 200 451 "https://www.developmentaid.org/" "Mozilla/5.0 (Windows NT 10.0; Win64; x64) AppleWebKit/537.36 (KHTML, like Gecko) Chrome/88.0.4324.190 Safari/537.36"
64.207.214.200 - - [03/Mar/2021:04:58:22 +0100] "GET /app.core.5f7828b4eedd6d9095d1.min.js HTTP/1.1" 200 51194 "https://www.developmentaid.org/" "Mozilla/5.0 (Windows NT 6.1; Win64; x64) AppleWebKit/537.36 (KHTML, like Gecko) Chrome/88.0.4324.190 Safari/537.36"
61.213.74.67 - - [03/Mar/2021:04:58:21 +0100] "GET /api/frontend/statistics/funding/byregion HTTP/1.1" 200 452 "https://www.developmentaid.org/" "Mozilla/5.0 (Windows NT 10.0; Win64; x64) AppleWebKit/537.36 (KHTML, like Gecko) Chrome/88.0.4324.190 Safari/537.36"
61.213.74.67 - - [03/Mar/2021:04:58:21 +0100] "GET /api/frontend/statistics/donors/byregion HTTP/1.1" 200 438 "https://www.developmentaid.org/" "Mozilla/5.0 (Windows NT 10.0; Win64; x64) AppleWebKit/537.36 (KHTML, like Gecko) Chrome/88.0.4324.190 Safari/537.36"
61.213.74.67 - - [03/Mar/2021:04:58:22 +0100] "GET /fonts/ba5cde21eeea0d57ab7efefc99596cce.ttf HTTP/1.1" 200 100820 "https://www.developmentaid.org/" "Mozilla/5.0 (Windows NT 10.0; Win64; x64) AppleWebKit/537.36 (KHTML, like Gecko) Chrome/88.0.4324.190 Safari/537.36"
58.145.187.254 - - [03/Mar/2021:04:58:21 +0100] "GET /api/frontend/dictionary/newsCategories HTTP/1.1" 200 337 "https://www.developmentaid.org/" "Mozilla/5.0 (Windows NT 10.0; Win64; x64) AppleWebKit/537.36 (KHTML, like Gecko) Chrome/88.0.4324.190 Safari/537.36"
61.213.74.67 - - [03/Mar/2021:04:58:22 +0100] "GET /fonts/72ea6a21ebe2c8dc032baf7c0626f5f1.ttf HTTP/1.1" 200 100272 "https://www.developmentaid.org/" "Mozilla/5.0 (Windows NT 10.0; Win64; x64) AppleWebKit/537.36 (KHTML, like Gecko) Chrome/88.0.4324.190 Safari/537.36"
61.213.74.67 - - [03/Mar/2021:04:58:22 +0100] "GET /img/menu-icon.webp HTTP/1.1" 200 120 "https://www.developmentaid.org/" "Mozilla/5.0 (Windows NT 10.0; Win64; x64) AppleWebKit/537.36 (KHTML, like Gecko) Chrome/88.0.4324.190 Safari/537.36"
149.210.171.164 - - [03/Mar/2021:04:58:22 +0100] "GET /api/frontend/company/60000 HTTP/1.1" 200 1280 "-" "Guzzle/5.3.1 curl/7.29.0 PHP/7.3.24"
40.77.167.63 - - [03/Mar/2021:04:58:21 +0100] "GET /?_escaped_fragment_=/organizations/view/60000/explore-company HTTP/1.1" 200 18848 "-" "Mozilla/5.0 (compatible; bingbot/2.0; +http://www.bing.com/bingbot.htm)"
58.145.187.254 - - [03/Mar/2021:04:58:22 +0100] "GET /api/frontend/dictionary/newsAlertFrequencies HTTP/1.1" 200 174 "https://www.developmentaid.org/" "Mozilla/5.0 (Windows NT 10.0; Win64; x64) AppleWebKit/537.36 (KHTML, like Gecko) Chrome/88.0.4324.190 Safari/537.36"
61.213.74.67 - - [03/Mar/2021:04:58:22 +0100] "GET /fonts/1025a6e0fb0fa86f17f57cc82a6b9756.ttf HTTP/1.1" 200 104120 "https://www.developmentaid.org/" "Mozilla/5.0 (Windows NT 10.0; Win64; x64) AppleWebKit/537.36 (KHTML, like Gecko) Chrome/88.0.4324.190 Safari/537.36"
61.213.74.67 - - [03/Mar/2021:04:58:22 +0100] "GET /fonts/f6238deb7f40a7a03134c11fb63ad387.ttf HTTP/1.1" 200 92240 "https://www.developmentaid.org/" "Mozilla/5.0 (Windows NT 10.0; Win64; x64) AppleWebKit/537.36 (KHTML, like Gecko) Chrome/88.0.4324.190 Safari/537.36"
149.210.171.164 - - [03/Mar/2021:04:58:22 +0100] "GET /api/frontend/tender/129191 HTTP/1.1" 200 1627 "-" "Guzzle/5.3.1 curl/7.29.0 PHP/7.3.24"
213.180.203.54 - - [03/Mar/2021:04:58:22 +0100] "GET /?_escaped_fragment_=/tenders/view/129191/provision-of-new-vehicles-for-unops-offices-in-jerusalem HTTP/1.1" 200 19958 "-" "Mozilla/5.0 (compatible; YandexBot/3.0; +http://yandex.com/bots)"
61.213.74.67 - - [03/Mar/2021:04:58:22 +0100] "GET /img/0982007fd12e6673b707229517378934.webp HTTP/1.1" 200 93446 "https://www.developmentaid.org/" "Mozilla/5.0 (Windows NT 10.0; Win64; x64) AppleWebKit/537.36 (KHTML, like Gecko) Chrome/88.0.4324.190 Safari/537.36"
58.145.187.254 - - [03/Mar/2021:04:58:22 +0100] "GET /api/frontend/dictionary/referenceEndPeriods HTTP/1.1" 200 503 "https://www.developmentaid.org/" "Mozilla/5.0 (Windows NT 10.0; Win64; x64) AppleWebKit/537.36 (KHTML, like Gecko) Chrome/88.0.4324.190 Safari/537.36"
61.213.74.67 - - [03/Mar/2021:04:58:22 +0100] "POST /api/frontend/cms/news-stream/search HTTP/1.1" 200 35740 "https://www.developmentaid.org/" "Mozilla/5.0 (Windows NT 10.0; Win64; x64) AppleWebKit/537.36 (KHTML, like Gecko) Chrome/88.0.4324.190 Safari/537.36"
40.94.94.40 - - [03/Mar/2021:04:58:22 +0100] "GET /api/frontend/dictionary/donorsTenders HTTP/1.1" 200 14028 "https://www.developmentaid.org/" "Mozilla/5.0 (Windows NT 10.0; Win64; x64) AppleWebKit/537.36 (KHTML, like Gecko) Chrome/79.0.3945.130 Safari/537.36"
61.213.74.67 - - [03/Mar/2021:04:58:22 +0100] "GET /img/logo-white.svg HTTP/1.1" 200 9780 "https://www.developmentaid.org/" "Mozilla/5.0 (Windows NT 10.0; Win64; x64) AppleWebKit/537.36 (KHTML, like Gecko) Chrome/88.0.4324.190 Safari/537.36"
61.213.74.67 - - [03/Mar/2021:04:58:22 +0100] "GET /img/arrow-right.webp HTTP/1.1" 200 318 "https://www.developmentaid.org/" "Mozilla/5.0 (Windows NT 10.0; Win64; x64) AppleWebKit/537.36 (KHTML, like Gecko) Chrome/88.0.4324.190 Safari/537.36"
58.145.187.254 - - [03/Mar/2021:04:58:22 +0100] "GET /api/frontend/dictionary/applicantTypes HTTP/1.1" 200 287 "https://www.developmentaid.org/" "Mozilla/5.0 (Windows NT 10.0; Win64; x64) AppleWebKit/537.36 (KHTML, like Gecko) Chrome/88.0.4324.190 Safari/537.36"
40.94.94.42 - - [03/Mar/2021:04:58:22 +0100] "GET /api/frontend/dictionary/contact-us-mail-types HTTP/1.1" 200 991 "https://www.developmentaid.org/" "Mozilla/5.0 (Windows NT 10.0; Win64; x64) AppleWebKit/537.36 (KHTML, like Gecko) Chrome/79.0.3945.130 Safari/537.36"
40.94.94.40 - - [03/Mar/2021:04:58:22 +0100] "GET /api/frontend/dictionary/languages HTTP/1.1" 200 8040 "https://www.developmentaid.org/" "Mozilla/5.0 (Windows NT 10.0; Win64; x64) AppleWebKit/537.36 (KHTML, like Gecko) Chrome/79.0.3945.130 Safari/537.36"
58.145.187.254 - - [03/Mar/2021:04:58:22 +0100] "GET /api/frontend/dictionary/search-keyword-fields HTTP/1.1" 200 149 "https://www.developmentaid.org/" "Mozilla/5.0 (Windows NT 10.0; Win64; x64) AppleWebKit/537.36 (KHTML, like Gecko) Chrome/88.0.4324.190 Safari/537.36"
40.94.94.42 - - [03/Mar/2021:04:58:22 +0100] "GET /api/frontend/dictionary/sectors HTTP/1.1" 200 3175 "https://www.developmentaid.org/" "Mozilla/5.0 (Windows NT 10.0; Win64; x64) AppleWebKit/537.36 (KHTML, like Gecko) Chrome/79.0.3945.130 Safari/537.36"
61.213.74.67 - - [03/Mar/2021:04:58:22 +0100] "GET /img/home/experts/exp-bg.svg HTTP/1.1" 200 4421 "https://www.developmentaid.org/" "Mozilla/5.0 (Windows NT 10.0; Win64; x64) AppleWebKit/537.36 (KHTML, like Gecko) Chrome/88.0.4324.190 Safari/537.36"
149.210.171.164 - - [03/Mar/2021:04:58:22 +0100] "GET /api/frontend/tender/191722 HTTP/1.1" 200 1660 "-" "Guzzle/5.3.1 curl/7.29.0 PHP/7.3.24"
40.77.167.63 - - [03/Mar/2021:04:58:22 +0100] "GET /?_escaped_fragment_=/tenders/view/191722/dairy-value-chain-development-in-tunisia-preparation-of-project-document HTTP/1.1" 200 19954 "-" "Mozilla/5.0 (compatible; bingbot/2.0; +http://www.bing.com/bingbot.htm)"
61.213.74.67 - - [03/Mar/2021:04:58:22 +0100] "GET /img/home/experts/exp-button.svg HTTP/1.1" 200 4320 "https://www.developmentaid.org/" "Mozilla/5.0 (Windows NT 10.0; Win64; x64) AppleWebKit/537.36 (KHTML, like Gecko) Chrome/88.0.4324.190 Safari/537.36"
61.213.74.67 - - [03/Mar/2021:04:58:22 +0100] "GET /img/home/experts/exp-graph.svg HTTP/1.1" 200 2361 "https://www.developmentaid.org/" "Mozilla/5.0 (Windows NT 10.0; Win64; x64) AppleWebKit/537.36 (KHTML, like Gecko) Chrome/88.0.4324.190 Safari/537.36"
58.145.187.254 - - [03/Mar/2021:04:58:22 +0100] "GET /api/frontend/dictionary/custom-regions HTTP/1.1" 200 2265 "https://www.developmentaid.org/" "Mozilla/5.0 (Windows NT 10.0; Win64; x64) AppleWebKit/537.36 (KHTML, like Gecko) Chrome/88.0.4324.190 Safari/537.36"
40.94.94.40 - - [03/Mar/2021:04:58:22 +0100] "POST /api/frontend/dictionary/tender-statuses/search HTTP/1.1" 200 926 "https://www.developmentaid.org/" "Mozilla/5.0 (Windows NT 10.0; Win64; x64) AppleWebKit/537.36 (KHTML, like Gecko) Chrome/79.0.3945.130 Safari/537.36"
40.94.94.42 - - [03/Mar/2021:04:58:22 +0100] "POST /api/frontend/dictionary/grant-statuses/search HTTP/1.1" 200 208 "https://www.developmentaid.org/" "Mozilla/5.0 (Windows NT 10.0; Win64; x64) AppleWebKit/537.36 (KHTML, like Gecko) Chrome/79.0.3945.130 Safari/537.36"
61.213.74.67 - - [03/Mar/2021:04:58:23 +0100] "GET /img/home/experts/exp-icon.svg HTTP/1.1" 200 1292 "https://www.developmentaid.org/" "Mozilla/5.0 (Windows NT 10.0; Win64; x64) AppleWebKit/537.36 (KHTML, like Gecko) Chrome/88.0.4324.190 Safari/537.36"
40.94.94.40 - - [03/Mar/2021:04:58:23 +0100] "GET /api/frontend/dictionary/tenderTypes?filter=%7B%7D&sort=id.asc HTTP/1.1" 200 177 "https://www.developmentaid.org/" "Mozilla/5.0 (Windows NT 10.0; Win64; x64) AppleWebKit/537.36 (KHTML, like Gecko) Chrome/79.0.3945.130 Safari/537.36"
61.213.74.67 - - [03/Mar/2021:04:58:23 +0100] "GET /img/home/organizations/org-bg.svg HTTP/1.1" 200 4785 "https://www.developmentaid.org/" "Mozilla/5.0 (Windows NT 10.0; Win64; x64) AppleWebKit/537.36 (KHTML, like Gecko) Chrome/88.0.4324.190 Safari/537.36"
61.213.74.67 - - [03/Mar/2021:04:58:23 +0100] "GET /img/home/organizations/org-cards.svg HTTP/1.1" 200 2362 "https://www.developmentaid.org/" "Mozilla/5.0 (Windows NT 10.0; Win64; x64) AppleWebKit/537.36 (KHTML, like Gecko) Chrome/88.0.4324.190 Safari/537.36"
40.94.94.42 - - [03/Mar/2021:04:58:23 +0100] "GET /api/frontend/dictionary/contractTypes HTTP/1.1" 200 202 "https://www.developmentaid.org/" "Mozilla/5.0 (Windows NT 10.0; Win64; x64) AppleWebKit/537.36 (KHTML, like Gecko) Chrome/79.0.3945.130 Safari/537.36"
58.145.187.254 - - [03/Mar/2021:04:58:23 +0100] "GET /views/favorite-folder.template-8de9e99efd0e9dbfbbf3bd532f33197a.html HTTP/1.1" 200 356 "https://www.developmentaid.org/" "Mozilla/5.0 (Windows NT 10.0; Win64; x64) AppleWebKit/537.36 (KHTML, like Gecko) Chrome/88.0.4324.190 Safari/537.36"
40.94.94.16 - - [03/Mar/2021:04:58:23 +0100] "GET /fonts/ba5cde21eeea0d57ab7efefc99596cce.ttf HTTP/1.1" 200 100820 "https://www.developmentaid.org/" "Mozilla/5.0 (Windows NT 10.0; Win64; x64) AppleWebKit/537.36 (KHTML, like Gecko) Chrome/79.0.3945.130 Safari/537.36"
40.94.94.91 - - [03/Mar/2021:04:58:23 +0100] "GET /fonts/72ea6a21ebe2c8dc032baf7c0626f5f1.ttf HTTP/1.1" 200 100272 "https://www.developmentaid.org/" "Mozilla/5.0 (Windows NT 10.0; Win64; x64) AppleWebKit/537.36 (KHTML, like Gecko) Chrome/79.0.3945.130 Safari/537.36"
40.94.94.76 - - [03/Mar/2021:04:58:23 +0100] "GET /fonts/1025a6e0fb0fa86f17f57cc82a6b9756.ttf HTTP/1.1" 200 104120 "https://www.developmentaid.org/" "Mozilla/5.0 (Windows NT 10.0; Win64; x64) AppleWebKit/537.36 (KHTML, like Gecko) Chrome/79.0.3945.130 Safari/537.36"
40.94.94.40 - - [03/Mar/2021:04:58:23 +0100] "GET /api/frontend/dictionary/tenderOpportunityTypes?filter=%7B%7D&sort=id.asc HTTP/1.1" 200 212 "https://www.developmentaid.org/" "Mozilla/5.0 (Windows NT 10.0; Win64; x64) AppleWebKit/537.36 (KHTML, like Gecko) Chrome/79.0.3945.130 Safari/537.36"
40.94.94.42 - - [03/Mar/2021:04:58:23 +0100] "GET /api/frontend/dictionary/tenderOpportunityTypesAliases?filter=%7B%7D&sort=id.asc HTTP/1.1" 200 192 "https://www.developmentaid.org/" "Mozilla/5.0 (Windows NT 10.0; Win64; x64) AppleWebKit/537.36 (KHTML, like Gecko) Chrome/79.0.3945.130 Safari/537.36"
40.94.94.65 - - [03/Mar/2021:04:58:23 +0100] "GET /api/frontend/dictionary/donorsGrants HTTP/1.1" 200 14173 "https://www.developmentaid.org/" "Mozilla/5.0 (Windows NT 10.0; Win64; x64) AppleWebKit/537.36 (KHTML, like Gecko) Chrome/79.0.3945.130 Safari/537.36"
61.213.74.67 - - [03/Mar/2021:04:58:23 +0100] "GET /img/home/organizations/org-dots.svg HTTP/1.1" 200 2025 "https://www.developmentaid.org/" "Mozilla/5.0 (Windows NT 10.0; Win64; x64) AppleWebKit/537.36 (KHTML, like Gecko) Chrome/88.0.4324.190 Safari/537.36"
58.145.187.254 - - [03/Mar/2021:04:58:23 +0100] "GET /api/frontend/dictionary/locations/globalRegions HTTP/1.1" 200 7866 "https://www.developmentaid.org/" "Mozilla/5.0 (Windows NT 10.0; Win64; x64) AppleWebKit/537.36 (KHTML, like Gecko) Chrome/88.0.4324.190 Safari/537.36"
66.249.65.9 - - [03/Mar/2021:04:58:23 +0100] "GET / HTTP/1.1" 200 18522 "-" "Mozilla/5.0 (Linux; Android 6.0.1; Nexus 5X Build/MMB29P) AppleWebKit/537.36 (KHTML, like Gecko) Chrome/88.0.4324.188 Mobile Safari/537.36 (compatible; Googlebot/2.1; +http://www.google.com/bot.html)"
61.213.74.67 - - [03/Mar/2021:04:58:23 +0100] "GET /img/home/organizations/org-icon.svg HTTP/1.1" 200 2498 "https://www.developmentaid.org/" "Mozilla/5.0 (Windows NT 10.0; Win64; x64) AppleWebKit/537.36 (KHTML, like Gecko) Chrome/88.0.4324.190 Safari/537.36"
61.213.74.67 - - [03/Mar/2021:04:58:23 +0100] "GET /img/home/organizations/org-chart.svg HTTP/1.1" 200 2996 "https://www.developmentaid.org/" "Mozilla/5.0 (Windows NT 10.0; Win64; x64) AppleWebKit/537.36 (KHTML, like Gecko) Chrome/88.0.4324.190 Safari/537.36"
40.94.94.40 - - [03/Mar/2021:04:58:23 +0100] "POST /api/frontend/dictionary/jobTypes/search HTTP/1.1" 200 278 "https://www.developmentaid.org/" "Mozilla/5.0 (Windows NT 10.0; Win64; x64) AppleWebKit/537.36 (KHTML, like Gecko) Chrome/79.0.3945.130 Safari/537.36"
149.210.171.164 - - [03/Mar/2021:04:58:23 +0100] "GET /api/frontend/tender/144571 HTTP/1.1" 200 1613 "-" "Guzzle/5.3.1 curl/7.29.0 PHP/7.3.24"
40.77.167.63 - - [03/Mar/2021:04:58:23 +0100] "GET /?_escaped_fragment_=/tenders/view/144571/assam-power-sector-investment-program-lrpp-0012014 HTTP/1.1" 200 20210 "-" "Mozilla/5.0 (compatible; bingbot/2.0; +http://www.bing.com/bingbot.htm)"
40.94.94.76 - - [03/Mar/2021:04:58:23 +0100] "GET /api/frontend/dictionary/referenceEndPeriods HTTP/1.1" 200 503 "https://www.developmentaid.org/" "Mozilla/5.0 (Windows NT 10.0; Win64; x64) AppleWebKit/537.36 (KHTML, like Gecko) Chrome/79.0.3945.130 Safari/537.36"
40.94.94.16 - - [03/Mar/2021:04:58:23 +0100] "GET /api/frontend/dictionary/newsAlertFrequencies HTTP/1.1" 200 174 "https://www.developmentaid.org/" "Mozilla/5.0 (Windows NT 10.0; Win64; x64) AppleWebKit/537.36 (KHTML, like Gecko) Chrome/79.0.3945.130 Safari/537.36"
40.94.94.65 - - [03/Mar/2021:04:58:23 +0100] "GET /api/frontend/dictionary/search-keyword-fields HTTP/1.1" 200 149 "https://www.developmentaid.org/" "Mozilla/5.0 (Windows NT 10.0; Win64; x64) AppleWebKit/537.36 (KHTML, like Gecko) Chrome/79.0.3945.130 Safari/537.36"
40.94.94.42 - - [03/Mar/2021:04:58:23 +0100] "GET /api/frontend/dictionary/applicantTypes HTTP/1.1" 200 287 "https://www.developmentaid.org/" "Mozilla/5.0 (Windows NT 10.0; Win64; x64) AppleWebKit/537.36 (KHTML, like Gecko) Chrome/79.0.3945.130 Safari/537.36"
40.94.94.16 - - [03/Mar/2021:04:58:23 +0100] "GET /views/contact-d6b443be19314b36731bba8b62eef099.html HTTP/1.1" 200 1740 "https://www.developmentaid.org/" "Mozilla/5.0 (Windows NT 10.0; Win64; x64) AppleWebKit/537.36 (KHTML, like Gecko) Chrome/79.0.3945.130 Safari/537.36"
{"message":"Preparing to dispatch data for 6 newsletter type of the recipient with id 74807. Recipient emails are: bardiurtest1@gmail.com.","context":[],"level":200,"level_name":"INFO","channel":"daily.json","datetime":{"date":"2020-10-28 14:03:06.625674","timezone_type":3,"timezone":"Europe/Amsterdam"},"extra":{"uid":"e9fb8ce4460cd6a4edaab4755948118e","php_sapi_name":"cli","admin":[],"process_id":22558}}
{"message":"Preparing to dispatch data for 6 newsletter type of the recipient with id 99016. Recipient emails are: asdasdasd@asasdasdd.com.","context":[],"level":200,"level_name":"INFO","channel":"daily.json","datetime":{"date":"2020-10-28 14:03:20.930980","timezone_type":3,"timezone":"Europe/Amsterdam"},"extra":{"uid":"e9fb8ce4460cd6a4edaab4755948118e","php_sapi_name":"cli","admin":[],"process_id":22558}}
{"message":"Preparing to dispatch data for 6 newsletter type of the recipient with id 100273. Recipient emails are: asdsadasd@asd.com.","context":[],"level":200,"level_name":"INFO","channel":"daily.json","datetime":{"date":"2020-10-28 14:03:21.318744","timezone_type":3,"timezone":"Europe/Amsterdam"},"extra":{"uid":"e9fb8ce4460cd6a4edaab4755948118e","php_sapi_name":"cli","admin":[],"process_id":22558}}
{"message":"Preparing to dispatch data for 6 newsletter type of the recipient with id 102696. Recipient emails are: andrian@experiment.com.","context":[],"level":200,"level_name":"INFO","channel":"daily.json","datetime":{"date":"2020-10-28 14:03:21.880626","timezone_type":3,"timezone":"Europe/Amsterdam"},"extra":{"uid":"e9fb8ce4460cd6a4edaab4755948118e","php_sapi_name":"cli","admin":[],"process_id":22558}}
{"message":"Preparing to dispatch data for 6 newsletter type of the recipient with id 110042. Recipient emails are: v.bulat.devaid@gmail.com.","context":[],"level":200,"level_name":"INFO","channel":"daily.json","datetime":{"date":"2020-10-28 14:03:21.988597","timezone_type":3,"timezone":"Europe/Amsterdam"},"extra":{"uid":"e9fb8ce4460cd6a4edaab4755948118e","php_sapi_name":"cli","admin":[],"process_id":22558}}
{"message":"Preparing to dispatch data for 6 newsletter type of the recipient with id 110043. Recipient emails are: 123qwe@mailc.com.","context":[],"level":200,"level_name":"INFO","channel":"daily.json","datetime":{"date":"2020-10-28 14:03:22.065828","timezone_type":3,"timezone":"Europe/Amsterdam"},"extra":{"uid":"e9fb8ce4460cd6a4edaab4755948118e","php_sapi_name":"cli","admin":[],"process_id":22558}}
{"message":"Preparing to dispatch data for 6 newsletter type of the recipient with id 111165. Recipient emails are: ExpertRobot@VNRLErHt.com.","context":[],"level":200,"level_name":"INFO","channel":"daily.json","datetime":{"date":"2020-10-28 14:03:22.204998","timezone_type":3,"timezone":"Europe/Amsterdam"},"extra":{"uid":"e9fb8ce4460cd6a4edaab4755948118e","php_sapi_name":"cli","admin":[],"process_id":22558}}
{"message":"Preparing to dispatch data for 6 newsletter type of the recipient with id 112666. Recipient emails are: 123qwe@masdail.com.","context":[],"level":200,"level_name":"INFO","channel":"daily.json","datetime":{"date":"2020-10-28 14:03:22.298879","timezone_type":3,"timezone":"Europe/Amsterdam"},"extra":{"uid":"e9fb8ce4460cd6a4edaab4755948118e","php_sapi_name":"cli","admin":[],"process_id":22558}}
{"message":"Preparing to dispatch data for 6 newsletter type of the recipient with id 115996. Recipient emails are: sadasdasd@asdasd.com.","context":[],"level":200,"level_name":"INFO","channel":"daily.json","datetime":{"date":"2020-10-28 14:03:22.427395","timezone_type":3,"timezone":"Europe/Amsterdam"},"extra":{"uid":"e9fb8ce4460cd6a4edaab4755948118e","php_sapi_name":"cli","admin":[],"process_id":22558}}
{"message":"Preparing to dispatch data for 6 newsletter type of the recipient with id 117581. Recipient emails are: test@test.expert.","context":[],"level":200,"level_name":"INFO","channel":"daily.json","datetime":{"date":"2020-10-28 14:03:22.465067","timezone_type":3,"timezone":"Europe/Amsterdam"},"extra":{"uid":"e9fb8ce4460cd6a4edaab4755948118e","php_sapi_name":"cli","admin":[],"process_id":22558}}
{"message":"Preparing to dispatch data for 6 newsletter type of the recipient with id 119977. Recipient emails are: qweqew@mail.con.","context":[],"level":200,"level_name":"INFO","channel":"daily.json","datetime":{"date":"2020-10-28 14:03:22.620230","timezone_type":3,"timezone":"Europe/Amsterdam"},"extra":{"uid":"e9fb8ce4460cd6a4edaab4755948118e","php_sapi_name":"cli","admin":[],"process_id":22558}}
{"message":"Preparing to dispatch data for 6 newsletter type of the recipient with id 120119. Recipient emails are: asdsda@mail.com.","context":[],"level":200,"level_name":"INFO","channel":"daily.json","datetime":{"date":"2020-10-28 14:03:22.734123","timezone_type":3,"timezone":"Europe/Amsterdam"},"extra":{"uid":"e9fb8ce4460cd6a4edaab4755948118e","php_sapi_name":"cli","admin":[],"process_id":22558}}
{"message":"Preparing to dispatch data for 6 newsletter type of the recipient with id 120738. Recipient emails are: wersdf@werasd.werasd.","context":[],"level":200,"level_name":"INFO","channel":"daily.json","datetime":{"date":"2020-10-28 14:03:22.785825","timezone_type":3,"timezone":"Europe/Amsterdam"},"extra":{"uid":"e9fb8ce4460cd6a4edaab4755948118e","php_sapi_name":"cli","admin":[],"process_id":22558}}
{"message":"Preparing to dispatch data for 6 newsletter type of the recipient with id 126888. Recipient emails are: ako@mail.com.","context":[],"level":200,"level_name":"INFO","channel":"daily.json","datetime":{"date":"2020-10-28 14:03:23.019859","timezone_type":3,"timezone":"Europe/Amsterdam"},"extra":{"uid":"e9fb8ce4460cd6a4edaab4755948118e","php_sapi_name":"cli","admin":[],"process_id":22558}}
{"message":"Preparing to dispatch data for 6 newsletter type of the recipient with id 127607. Recipient emails are: asdsada@ad.com.","context":[],"level":200,"level_name":"INFO","channel":"daily.json","datetime":{"date":"2020-10-28 14:03:23.112902","timezone_type":3,"timezone":"Europe/Amsterdam"},"extra":{"uid":"e9fb8ce4460cd6a4edaab4755948118e","php_sapi_name":"cli","admin":[],"process_id":22558}}
{"message":"Preparing to dispatch data for 6 newsletter type of the recipient with id 127608. Recipient emails are: sadsadd@asd.com.","context":[],"level":200,"level_name":"INFO","channel":"daily.json","datetime":{"date":"2020-10-28 14:03:23.233746","timezone_type":3,"timezone":"Europe/Amsterdam"},"extra":{"uid":"e9fb8ce4460cd6a4edaab4755948118e","php_sapi_name":"cli","admin":[],"process_id":22558}}
{"message":"Preparing to dispatch data for 6 newsletter type of the recipient with id 130500. Recipient emails are: 313334071231238380e76b001e20@da.emailx.net.","context":[],"level":200,"level_name":"INFO","channel":"daily.json","datetime":{"date":"2020-10-28 14:03:23.551545","timezone_type":3,"timezone":"Europe/Amsterdam"},"extra":{"uid":"e9fb8ce4460cd6a4edaab4755948118e","php_sapi_name":"cli","admin":[],"process_id":22558}}
{"message":"Preparing to dispatch data for 6 newsletter type of the recipient with id 132261. Recipient emails are: qweq2wete1st@mail.com1.","context":[],"level":200,"level_name":"INFO","channel":"daily.json","datetime":{"date":"2020-10-28 14:03:23.637245","timezone_type":3,"timezone":"Europe/Amsterdam"},"extra":{"uid":"e9fb8ce4460cd6a4edaab4755948118e","php_sapi_name":"cli","admin":[],"process_id":22558}}
{"message":"Preparing to dispatch data for 6 newsletter type of the recipient with id 138659. Recipient emails are: ExpertRobot@IDB1KY7n.com.","context":[],"level":200,"level_name":"INFO","channel":"daily.json","datetime":{"date":"2020-10-28 14:03:23.743183","timezone_type":3,"timezone":"Europe/Amsterdam"},"extra":{"uid":"e9fb8ce4460cd6a4edaab4755948118e","php_sapi_name":"cli","admin":[],"process_id":22558}}
{"message":"Preparing to dispatch data for 6 newsletter type of the recipient with id 138829. Recipient emails are: qweasdwq@mail.com.","context":[],"level":200,"level_name":"INFO","channel":"daily.json","datetime":{"date":"2020-10-28 14:03:23.931694","timezone_type":3,"timezone":"Europe/Amsterdam"},"extra":{"uid":"e9fb8ce4460cd6a4edaab4755948118e","php_sapi_name":"cli","admin":[],"process_id":22558}}
{"message":"Preparing to dispatch data for 6 newsletter type of the recipient with id 140501. Recipient emails are: 1234@mail.co.","context":[],"level":200,"level_name":"INFO","channel":"daily.json","datetime":{"date":"2020-10-28 14:03:24.174102","timezone_type":3,"timezone":"Europe/Amsterdam"},"extra":{"uid":"e9fb8ce4460cd6a4edaab4755948118e","php_sapi_name":"cli","admin":[],"process_id":22558}}
{"message":"Preparing to dispatch data for 6 newsletter type of the recipient with id 140503. Recipient emails are: 122lwer@mail.cods.","context":[],"level":200,"level_name":"INFO","channel":"daily.json","datetime":{"date":"2020-10-28 14:03:24.244417","timezone_type":3,"timezone":"Europe/Amsterdam"},"extra":{"uid":"e9fb8ce4460cd6a4edaab4755948118e","php_sapi_name":"cli","admin":[],"process_id":22558}}
{"message":"Preparing to dispatch data for 6 newsletter type of the recipient with id 140505. Recipient emails are: expert@account.five.","context":[],"level":200,"level_name":"INFO","channel":"daily.json","datetime":{"date":"2020-10-28 14:03:24.287803","timezone_type":3,"timezone":"Europe/Amsterdam"},"extra":{"uid":"e9fb8ce4460cd6a4edaab4755948118e","php_sapi_name":"cli","admin":[],"process_id":22558}}
{"message":"Preparing to dispatch data for 6 newsletter type of the recipient with id 140506. Recipient emails are: expert@account.seven.","context":[],"level":200,"level_name":"INFO","channel":"daily.json","datetime":{"date":"2020-10-28 14:03:24.333795","timezone_type":3,"timezone":"Europe/Amsterdam"},"extra":{"uid":"e9fb8ce4460cd6a4edaab4755948118e","php_sapi_name":"cli","admin":[],"process_id":22558}}
{"message":"Preparing to dispatch data for 6 newsletter type of the recipient with id 140507. Recipient emails are: expert@account.nine.","context":[],"level":200,"level_name":"INFO","channel":"daily.json","datetime":{"date":"2020-10-28 14:03:24.419545","timezone_type":3,"timezone":"Europe/Amsterdam"},"extra":{"uid":"e9fb8ce4460cd6a4edaab4755948118e","php_sapi_name":"cli","admin":[],"process_id":22558}}
{"message":"ElasticSearch query failed with message: no such index [index: experts]","context":{"query":{"query":{"bool":{"filter":[{"term":{"isSuspended":false}},{"term":{"isVisible":true}},{"range":{"workExperienceStartedDateTime":{"lt":"2020-07-08T00:00:00"}}},{"term":{"isActive":true}},{"term":{"hasUser":true}}]}},"from":0,"size":30,"_source":false,"sort":[{"lastModifiedDateTime":{"order":"desc","missing":9223372036854775806}}]},"exception":{"class":"Elastica\\Exception\\ResponseException","message":"no such index [index: experts]","code":0,"file":"/var/www/clients/client1/web26/web/vendor/ruflin/elastica/lib/Elastica/Transport/Http.php:171","trace":["/var/www/clients/client1/web26/web/vendor/ruflin/elastica/lib/Elastica/Request.php:172","/var/www/clients/client1/web26/web/vendor/ruflin/elastica/lib/Elastica/Client.php:642","/var/www/clients/client1/web26/web/vendor/ruflin/elastica/lib/Elastica/Search.php:471","/var/www/clients/client1/web26/web/app/Services/Search/Searchers/BaseElasticSearcher.php:119","/var/www/clients/client1/web26/web/app/Services/Search/Searchers/BaseElasticSearcher.php:78","/var/www/clients/client1/web26/web/app/Http/Controllers/API/FrontEnd/Expert/ExpertApi.php:474","/var/www/clients/client1/web26/web/vendor/laravel/framework/src/Illuminate/Routing/Controller.php:54","/var/www/clients/client1/web26/web/vendor/laravel/framework/src/Illuminate/Routing/ControllerDispatcher.php:45","/var/www/clients/client1/web26/web/vendor/laravel/framework/src/Illuminate/Routing/Route.php:212","/var/www/clients/client1/web26/web/vendor/laravel/framework/src/Illuminate/Routing/Route.php:169","/var/www/clients/client1/web26/web/vendor/laravel/framework/src/Illuminate/Routing/Router.php:658","/var/www/clients/client1/web26/web/vendor/laravel/framework/src/Illuminate/Routing/Pipeline.php:30","/var/www/clients/client1/web26/web/app/Http/Middleware/LogContextBuilders/SearchesLog.php:85","/var/www/clients/client1/web26/web/vendor/laravel/framework/src/Illuminate/Pipeline/Pipeline.php:149","/var/www/clients/client1/web26/web/vendor/laravel/framework/src/Illuminate/Routing/Pipeline.php:53","/var/www/clients/client1/web26/web/app/Http/Middleware/ApiSearchSortLimit.php:63","/var/www/clients/client1/web26/web/vendor/laravel/framework/src/Illuminate/Pipeline/Pipeline.php:149","/var/www/clients/client1/web26/web/vendor/laravel/framework/src/Illuminate/Routing/Pipeline.php:53","/var/www/clients/client1/web26/web/app/Http/Middleware/ApiNonMemberUserLimitSearchResults.php:84","/var/www/clients/client1/web26/web/vendor/laravel/framework/src/Illuminate/Pipeline/Pipeline.php:149","/var/www/clients/client1/web26/web/vendor/laravel/framework/src/Illuminate/Routing/Pipeline.php:53","/var/www/clients/client1/web26/web/app/Http/Middleware/ApiSearchPageSizeMax.php:51","/var/www/clients/client1/web26/web/vendor/laravel/framework/src/Illuminate/Pipeline/Pipeline.php:149","/var/www/clients/client1/web26/web/vendor/laravel/framework/src/Illuminate/Routing/Pipeline.php:53","/var/www/clients/client1/web26/web/app/Http/Middleware/Security/SanitizerMiddleware.php:43","/var/www/clients/client1/web26/web/vendor/laravel/framework/src/Illuminate/Pipeline/Pipeline.php:149","/var/www/clients/client1/web26/web/vendor/laravel/framework/src/Illuminate/Routing/Pipeline.php:53","/var/www/clients/client1/web26/web/vendor/spatie/laravel-robots-middleware/src/RobotsMiddleware.php:14","/var/www/clients/client1/web26/web/vendor/laravel/framework/src/Illuminate/Pipeline/Pipeline.php:149","/var/www/clients/client1/web26/web/vendor/laravel/framework/src/Illuminate/Routing/Pipeline.php:53","/var/www/clients/client1/web26/web/vendor/laravel-doctrine/orm/src/Middleware/SubstituteBindings.php:52","/var/www/clients/client1/web26/web/vendor/laravel/framework/src/Illuminate/Pipeline/Pipeline.php:149","/var/www/clients/client1/web26/web/vendor/laravel/framework/src/Illuminate/Routing/Pipeline.php:53","/var/www/clients/client1/web26/web/app/Http/Middleware/Authorization/LoginTokenMiddleware.php:65","/var/www/clients/client1/web26/web/vendor/laravel/framework/src/Illuminate/Pipeline/Pipeline.php:149","/var/www/clients/client1/web26/web/vendor/laravel/framework/src/Illuminate/Routing/Pipeline.php:53","/var/www/clients/client1/web26/web/vendor/laravel/framework/src/Illuminate/Pipeline/Pipeline.php:102","/var/www/clients/client1/web26/web/vendor/laravel/framework/src/Illuminate/Routing/Router.php:660","/var/www/clients/client1/web26/web/vendor/laravel/framework/src/Illuminate/Routing/Router.php:635","/var/www/clients/client1/web26/web/vendor/laravel/framework/src/Illuminate/Routing/Router.php:601","/var/www/clients/client1/web26/web/vendor/laravel/framework/src/Illuminate/Routing/Router.php:590","/var/www/clients/client1/web26/web/vendor/laravel/framework/src/Illuminate/Foundation/Http/Kernel.php:176","/var/www/clients/client1/web26/web/vendor/laravel/framework/src/Illuminate/Routing/Pipeline.php:30","/var/www/clients/client1/web26/web/vendor/laravel/framework/src/Illuminate/Foundation/Http/Middleware/TransformsRequest.php:30","/var/www/clients/client1/web26/web/vendor/laravel/framework/src/Illuminate/Pipeline/Pipeline.php:149","/var/www/clients/client1/web26/web/vendor/laravel/framework/src/Illuminate/Routing/Pipeline.php:53","/var/www/clients/client1/web26/web/app/Http/Middleware/ProcessDataAggregationQueues.php:41","/var/www/clients/client1/web26/web/vendor/laravel/framework/src/Illuminate/Pipeline/Pipeline.php:149","/var/www/clients/client1/web26/web/vendor/laravel/framework/src/Illuminate/Routing/Pipeline.php:53","/var/www/clients/client1/web26/web/app/Http/Middleware/FlushElasticIndexQueue.php:50","/var/www/clients/client1/web26/web/vendor/laravel/framework/src/Illuminate/Pipeline/Pipeline.php:149","/var/www/clients/client1/web26/web/vendor/laravel/framework/src/Illuminate/Routing/Pipeline.php:53","/var/www/clients/client1/web26/web/vendor/laravel/framework/src/Illuminate/Cookie/Middleware/EncryptCookies.php:66","/var/www/clients/client1/web26/web/vendor/laravel/framework/src/Illuminate/Pipeline/Pipeline.php:149","/var/www/clients/client1/web26/web/vendor/laravel/framework/src/Illuminate/Routing/Pipeline.php:53","/var/www/clients/client1/web26/web/vendor/laravel/framework/src/Illuminate/Foundation/Http/Middleware/CheckForMaintenanceMode.php:46","/var/www/clients/client1/web26/web/vendor/laravel/framework/src/Illuminate/Pipeline/Pipeline.php:149","/var/www/clients/client1/web26/web/vendor/laravel/framework/src/Illuminate/Routing/Pipeline.php:53","/var/www/clients/client1/web26/web/vendor/laravel/framework/src/Illuminate/Pipeline/Pipeline.php:102","/var/www/clients/client1/web26/web/vendor/laravel/framework/src/Illuminate/Foundation/Http/Kernel.php:151","/var/www/clients/client1/web26/web/vendor/laravel/framework/src/Illuminate/Foundation/Http/Kernel.php:116","/var/www/clients/client1/web26/web/public/index.php:62"]}},"level":400,"level_name":"ERROR","channel":"production","datetime":{"date":"2020-07-08 11:09:14.737321","timezone_type":3,"timezone":"Europe/Amsterdam"},"extra":{"process_id":16126,"admin":[],"php_sapi_name":"cgi-fcgi","uid":"df0a2678a02987c92daad6e4c536af0b"}}
